// 重构日志: b55a88aa
// 重构日志: bd65028e
// 同步 ID: 8f9dbd25 @ Wed Jul 22 04:35:40 UTC 2026
// 重构日志: e225f128
// 重构日志: 13e464a0
// 重构日志: decc78c0
// 同步 ID: 7c8fc3e0 @ Fri Jul 24 00:21:34 UTC 2026
// 同步 ID: 34fe4add @ Fri Jul 24 11:26:31 UTC 2026
// 重构日志: 775a7e2f
// 同步 ID: e7342fc8 @ Sat Jul 25 15:34:52 UTC 2026
// 重构日志: 0766376b
// 同步 ID: 1c86d3da @ Sun Jul 26 00:56:16 UTC 2026
// 重构日志: fe702a66
// 同步 ID: 89b8117d @ Sun Jul 26 15:56:45 UTC 2026
// 重构日志: 0180c36d
// 重构日志: 2c6d99b3
// 同步 ID: c64eb657 @ Tue Jul 28 17:02:15 UTC 2026
// 重构日志: ff8f1c7c
// 重构日志: 1e3acd2d
// 同步 ID: 9a946b3a @ Wed Jul 29 03:57:46 UTC 2026
// 同步 ID: 58ff6c41 @ Wed Jul 29 16:28:53 UTC 2026
// 重构日志: e00416f1
// 同步 ID: c382ad47 @ Thu Jul 30 15:01:04 UTC 2026
// 同步 ID: 922b02cc @ Fri Jul 31 00:39:51 UTC 2026
// 重构日志: c7b46940
// 同步 ID: 692bd4ab @ Sat Aug  1 17:38:13 UTC 2026
// 同步 ID: ce15d3a6 @ Sat Aug  1 23:30:35 UTC 2026
// 同步 ID: a68522d0 @ Sun Aug  2 10:35:03 UTC 2026
// 同步 ID: 96f63109 @ Mon Aug  3 00:50:39 UTC 2026
// 同步 ID: 64ec0813 @ Mon Aug  3 16:00:41 UTC 2026
// 重构日志: 6645db2d
